Godot Engine v4.7.1.stable.official.a13da4feb - https://godotengine.org

[   0% ] [90m[1mfirst_scan_filesystem[22m | Started Inicialización del proyecto (5 steps)[39m[0m
[   0% ] [90m[1mfirst_scan_filesystem[22m | Escaneando la estructura del archivo...[39m[0m
[  16% ] [90m[1mfirst_scan_filesystem[22m | Cargando nombres de clases globales...[39m[0m
[  33% ] [90m[1mfirst_scan_filesystem[22m | Verificando GDExtensions...[39m[0m
[  50% ] [90m[1mfirst_scan_filesystem[22m | Creando scripts de carga automática...[39m[0m
[  66% ] [90m[1mfirst_scan_filesystem[22m | Inicializando plugins...[39m[0m
[  83% ] [90m[1mfirst_scan_filesystem[22m | Iniciando escaneo de archivos...[39m[0m
[92m[ DONE ][39m [1mfirst_scan_filesystem[22m
[0m
[   0% ] [90m[1mreimport[22m | Started (Re)Importación de Assets (1 steps)[39m[0m
[   0% ] [90m[1mreimport[22m | Preparando archivos para reimportarlos...[39m[0m
[   0% ] [90m[1mreimport[22m | Ejecutando operaciones de pre-reimportación...[39m[0m
[   0% ] [90m[1mpreload_reimporting_scene[22m | Started Preparando escenas para recargar (1 steps)[39m[0m
[   0% ] [90m[1mpreload_reimporting_scene[22m | Analizando escena [vacío][39m[0m
[  50% ] [90m[1mpreload_reimporting_scene[22m | Preparación terminada.[39m[0m
[92m[ DONE ][39m [1mpreload_reimporting_scene[22m
[0m
[   0% ] [90m[1mreimport[22m | player_body_female.glb[39m[0m
[   0% ] [90m[1mimport[22m | Started Importar Escena (104 steps)[39m[0m
[   0% ] [90m[1mimport[22m | Importando Escena...[39m[0m
[   1% ] [90m[1mimport[22m | Ejecutando Script Personalizado...[39m[0m
[  99% ] [90m[1mimport[22m | Guardando...[39m[0m
[92m[ DONE ][39m [1mimport[22m
[0m
[  50% ] [90m[1mreimport[22m | Finalizando la importación de recursos...[39m[0m
[92m[ DONE ][39m [1mreimport[22m
[0m
[   0% ] [90m[1mreimport[22m | Started (Re)Importación de Assets (1 steps)[39m[0m
[   0% ] [90m[1mreimport[22m | Ejecutando operaciones post-reimportación...[39m[0m
[92m[ DONE ][39m [1mreimport[22m
[0m
[   0% ] [90m[1mloading_editor_layout[22m | Started Cargando editor (5 steps)[39m[0m
[   0% ] [90m[1mloading_editor_layout[22m | Cargando diseño del editor...[39m[0m
[  16% ] [90m[1mloading_editor_layout[22m | Cargando docks...[39m[0m
[  33% ] [90m[1mloading_editor_layout[22m | Reabriendo escenas...[39m[0m
[  50% ] [90m[1mloading_editor_layout[22m | Cargando el diseño del editor central...[39m[0m
[  66% ] [90m[1mloading_editor_layout[22m | Cargando Layout de la ventana del plugin...[39m[0m
[  83% ] [90m[1mloading_editor_layout[22m | Diseño del editor listo.[39m[0m
[92m[ DONE ][39m [1mloading_editor_layout[22m
[0m
