INFO: PyNifly 28.3.0 registered
00:01.016  blend            | Read blend: "Z:\godot\morrowind-style\docs\character_animation\player_body_rigged.blend"
00:01.063  cycles           | WARNING HIPEW initialization failed: Error opening HIP dynamic library
Z:\godot\morrowind-style\tools\preview_character_animation.py:17: DeprecationWarning: 'World.use_nodes' is expected to be removed in Blender 6.0
  scene.world.use_nodes=True
00:02.516  render           | Saved: 'Z:\godot\morrowind-style\docs\character_animation\loops\walk\side\00.png'
00:03.766  render           | Saved: 'Z:\godot\morrowind-style\docs\character_animation\loops\walk\side\01.png'
00:05.016  render           | Saved: 'Z:\godot\morrowind-style\docs\character_animation\loops\walk\side\02.png'
00:06.281  render           | Saved: 'Z:\godot\morrowind-style\docs\character_animation\loops\walk\side\03.png'
00:07.547  render           | Saved: 'Z:\godot\morrowind-style\docs\character_animation\loops\walk\side\04.png'
00:08.781  render           | Saved: 'Z:\godot\morrowind-style\docs\character_animation\loops\walk\side\05.png'
00:10.031  render           | Saved: 'Z:\godot\morrowind-style\docs\character_animation\loops\walk\side\06.png'
00:11.297  render           | Saved: 'Z:\godot\morrowind-style\docs\character_animation\loops\walk\side\07.png'
00:12.563  render           | Saved: 'Z:\godot\morrowind-style\docs\character_animation\loops\walk\side\08.png'
00:13.844  render           | Saved: 'Z:\godot\morrowind-style\docs\character_animation\loops\walk\side\09.png'
00:15.110  render           | Saved: 'Z:\godot\morrowind-style\docs\character_animation\loops\walk\side\10.png'
00:16.360  render           | Saved: 'Z:\godot\morrowind-style\docs\character_animation\loops\walk\side\11.png'
00:17.641  render           | Saved: 'Z:\godot\morrowind-style\docs\character_animation\loops\walk\side\12.png'
00:18.891  render           | Saved: 'Z:\godot\morrowind-style\docs\character_animation\loops\walk\side\13.png'
00:20.156  render           | Saved: 'Z:\godot\morrowind-style\docs\character_animation\loops\walk\side\14.png'
00:21.422  render           | Saved: 'Z:\godot\morrowind-style\docs\character_animation\loops\walk\side\15.png'
00:22.750  render           | Saved: 'Z:\godot\morrowind-style\docs\character_animation\loops\walk\side\16.png'
00:24.047  render           | Saved: 'Z:\godot\morrowind-style\docs\character_animation\loops\walk\side\17.png'
00:25.406  render           | Saved: 'Z:\godot\morrowind-style\docs\character_animation\loops\walk\side\18.png'
00:26.750  render           | Saved: 'Z:\godot\morrowind-style\docs\character_animation\loops\walk\side\19.png'
00:28.110  render           | Saved: 'Z:\godot\morrowind-style\docs\character_animation\loops\walk\side\20.png'
00:29.391  render           | Saved: 'Z:\godot\morrowind-style\docs\character_animation\loops\walk\side\21.png'
00:30.688  render           | Saved: 'Z:\godot\morrowind-style\docs\character_animation\loops\walk\side\22.png'
00:31.985  render           | Saved: 'Z:\godot\morrowind-style\docs\character_animation\loops\walk\side\23.png'
00:33.250  render           | Saved: 'Z:\godot\morrowind-style\docs\character_animation\loops\walk\front\00.png'
00:34.563  render           | Saved: 'Z:\godot\morrowind-style\docs\character_animation\loops\walk\front\01.png'
00:35.813  render           | Saved: 'Z:\godot\morrowind-style\docs\character_animation\loops\walk\front\02.png'
00:37.063  render           | Saved: 'Z:\godot\morrowind-style\docs\character_animation\loops\walk\front\03.png'
00:38.313  render           | Saved: 'Z:\godot\morrowind-style\docs\character_animation\loops\walk\front\04.png'
00:39.563  render           | Saved: 'Z:\godot\morrowind-style\docs\character_animation\loops\walk\front\05.png'
00:40.844  render           | Saved: 'Z:\godot\morrowind-style\docs\character_animation\loops\walk\front\06.png'
00:42.125  render           | Saved: 'Z:\godot\morrowind-style\docs\character_animation\loops\walk\front\07.png'
00:43.406  render           | Saved: 'Z:\godot\morrowind-style\docs\character_animation\loops\walk\front\08.png'
00:44.688  render           | Saved: 'Z:\godot\morrowind-style\docs\character_animation\loops\walk\front\09.png'
00:45.938  render           | Saved: 'Z:\godot\morrowind-style\docs\character_animation\loops\walk\front\10.png'
00:47.188  render           | Saved: 'Z:\godot\morrowind-style\docs\character_animation\loops\walk\front\11.png'
00:48.500  render           | Saved: 'Z:\godot\morrowind-style\docs\character_animation\loops\walk\front\12.png'
00:49.797  render           | Saved: 'Z:\godot\morrowind-style\docs\character_animation\loops\walk\front\13.png'
00:51.094  render           | Saved: 'Z:\godot\morrowind-style\docs\character_animation\loops\walk\front\14.png'
00:52.344  render           | Saved: 'Z:\godot\morrowind-style\docs\character_animation\loops\walk\front\15.png'
00:53.625  render           | Saved: 'Z:\godot\morrowind-style\docs\character_animation\loops\walk\front\16.png'
00:54.891  render           | Saved: 'Z:\godot\morrowind-style\docs\character_animation\loops\walk\front\17.png'
00:56.156  render           | Saved: 'Z:\godot\morrowind-style\docs\character_animation\loops\walk\front\18.png'
00:57.406  render           | Saved: 'Z:\godot\morrowind-style\docs\character_animation\loops\walk\front\19.png'
00:58.672  render           | Saved: 'Z:\godot\morrowind-style\docs\character_animation\loops\walk\front\20.png'
00:59.938  render           | Saved: 'Z:\godot\morrowind-style\docs\character_animation\loops\walk\front\21.png'
01:01.203  render           | Saved: 'Z:\godot\morrowind-style\docs\character_animation\loops\walk\front\22.png'
01:02.469  render           | Saved: 'Z:\godot\morrowind-style\docs\character_animation\loops\walk\front\23.png'
01:03.735  render           | Saved: 'Z:\godot\morrowind-style\docs\character_animation\loops\run\side\00.png'
01:05.000  render           | Saved: 'Z:\godot\morrowind-style\docs\character_animation\loops\run\side\01.png'
01:06.281  render           | Saved: 'Z:\godot\morrowind-style\docs\character_animation\loops\run\side\02.png'
01:07.563  render           | Saved: 'Z:\godot\morrowind-style\docs\character_animation\loops\run\side\03.png'
01:08.844  render           | Saved: 'Z:\godot\morrowind-style\docs\character_animation\loops\run\side\04.png'
01:10.110  render           | Saved: 'Z:\godot\morrowind-style\docs\character_animation\loops\run\side\05.png'
01:11.391  render           | Saved: 'Z:\godot\morrowind-style\docs\character_animation\loops\run\side\06.png'
01:12.641  render           | Saved: 'Z:\godot\morrowind-style\docs\character_animation\loops\run\side\07.png'
01:13.906  render           | Saved: 'Z:\godot\morrowind-style\docs\character_animation\loops\run\side\08.png'
01:15.172  render           | Saved: 'Z:\godot\morrowind-style\docs\character_animation\loops\run\side\09.png'
01:16.485  render           | Saved: 'Z:\godot\morrowind-style\docs\character_animation\loops\run\side\10.png'
01:17.750  render           | Saved: 'Z:\godot\morrowind-style\docs\character_animation\loops\run\side\11.png'
01:19.016  render           | Saved: 'Z:\godot\morrowind-style\docs\character_animation\loops\run\side\12.png'
01:20.297  render           | Saved: 'Z:\godot\morrowind-style\docs\character_animation\loops\run\side\13.png'
01:21.578  render           | Saved: 'Z:\godot\morrowind-style\docs\character_animation\loops\run\side\14.png'
01:22.875  render           | Saved: 'Z:\godot\morrowind-style\docs\character_animation\loops\run\side\15.png'
01:24.141  render           | Saved: 'Z:\godot\morrowind-style\docs\character_animation\loops\run\side\16.png'
01:25.422  render           | Saved: 'Z:\godot\morrowind-style\docs\character_animation\loops\run\side\17.png'
01:26.703  render           | Saved: 'Z:\godot\morrowind-style\docs\character_animation\loops\run\side\18.png'
01:27.985  render           | Saved: 'Z:\godot\morrowind-style\docs\character_animation\loops\run\side\19.png'
01:29.281  render           | Saved: 'Z:\godot\morrowind-style\docs\character_animation\loops\run\side\20.png'
01:30.563  render           | Saved: 'Z:\godot\morrowind-style\docs\character_animation\loops\run\side\21.png'
01:31.844  render           | Saved: 'Z:\godot\morrowind-style\docs\character_animation\loops\run\side\22.png'
01:33.141  render           | Saved: 'Z:\godot\morrowind-style\docs\character_animation\loops\run\side\23.png'
01:34.422  render           | Saved: 'Z:\godot\morrowind-style\docs\character_animation\loops\run\front\00.png'
01:35.703  render           | Saved: 'Z:\godot\morrowind-style\docs\character_animation\loops\run\front\01.png'
01:37.031  render           | Saved: 'Z:\godot\morrowind-style\docs\character_animation\loops\run\front\02.png'
01:38.375  render           | Saved: 'Z:\godot\morrowind-style\docs\character_animation\loops\run\front\03.png'
01:39.656  render           | Saved: 'Z:\godot\morrowind-style\docs\character_animation\loops\run\front\04.png'
01:40.953  render           | Saved: 'Z:\godot\morrowind-style\docs\character_animation\loops\run\front\05.png'
01:42.250  render           | Saved: 'Z:\godot\morrowind-style\docs\character_animation\loops\run\front\06.png'
01:43.531  render           | Saved: 'Z:\godot\morrowind-style\docs\character_animation\loops\run\front\07.png'
01:44.828  render           | Saved: 'Z:\godot\morrowind-style\docs\character_animation\loops\run\front\08.png'
01:46.125  render           | Saved: 'Z:\godot\morrowind-style\docs\character_animation\loops\run\front\09.png'
01:47.422  render           | Saved: 'Z:\godot\morrowind-style\docs\character_animation\loops\run\front\10.png'
01:48.719  render           | Saved: 'Z:\godot\morrowind-style\docs\character_animation\loops\run\front\11.png'
01:50.031  render           | Saved: 'Z:\godot\morrowind-style\docs\character_animation\loops\run\front\12.png'
01:51.328  render           | Saved: 'Z:\godot\morrowind-style\docs\character_animation\loops\run\front\13.png'
01:52.625  render           | Saved: 'Z:\godot\morrowind-style\docs\character_animation\loops\run\front\14.png'
01:53.922  render           | Saved: 'Z:\godot\morrowind-style\docs\character_animation\loops\run\front\15.png'
01:55.203  render           | Saved: 'Z:\godot\morrowind-style\docs\character_animation\loops\run\front\16.png'
01:56.500  render           | Saved: 'Z:\godot\morrowind-style\docs\character_animation\loops\run\front\17.png'
01:57.766  render           | Saved: 'Z:\godot\morrowind-style\docs\character_animation\loops\run\front\18.png'
01:59.047  render           | Saved: 'Z:\godot\morrowind-style\docs\character_animation\loops\run\front\19.png'
02:00.344  render           | Saved: 'Z:\godot\morrowind-style\docs\character_animation\loops\run\front\20.png'
02:01.641  render           | Saved: 'Z:\godot\morrowind-style\docs\character_animation\loops\run\front\21.png'
02:02.922  render           | Saved: 'Z:\godot\morrowind-style\docs\character_animation\loops\run\front\22.png'
02:04.235  render           | Saved: 'Z:\godot\morrowind-style\docs\character_animation\loops\run\front\23.png'
BlenderMCP addon registered
[INFO ] services.locationservice ...............: Not adding link to MakeHuman user data, since neither explicit path nor auto-discovery is set in preferences.
[INFO ] mpfb.init ..............................: Build info 20260722
[INFO ] mpfb.init ..............................: Online access preference is not enabled. Not checking if MakeHuman is online.
[INFO ] mpfb.init ..............................: MPFB initialization has finished.
BlenderMCP addon unregistered
Blender 5.2.1 LTS (hash 9e2066aef7ef built 2026-08-25 02:38:20)

Blender quit
