INFO: PyNifly 28.3.0 registered
BlenderMCP addon registered
[INFO ] services.locationservice ...............: Not adding link to MakeHuman user data, since neither explicit path nor auto-discovery is set in preferences.
[INFO ] mpfb.init ..............................: Build info 20260722
[INFO ] mpfb.init ..............................: Online access preference is not enabled. Not checking if MakeHuman is online.
[INFO ] mpfb.init ..............................: MPFB initialization has finished.
23:14:08 | INFO: Data are loaded, start creating Blender stuff
23:14:08 | INFO: Blender create Mesh node base.002
23:14:08 | INFO: glTF import finished in 0.03s
Z:\godot\morrowind-style\tools\preview_character_head.py:16: DeprecationWarning: 'Material.use_nodes' is expected to be removed in Blender 6.0
  mat=bpy.data.materials.new('PreviewSkin');mat.use_nodes=True;bs=mat.node_tree.nodes.get('Principled BSDF');bs.inputs['Roughness'].default_value=.9;bs.inputs['Specular IOR Level'].default_value=.05
00:01.266  cycles           | WARNING HIPEW initialization failed: Error opening HIP dynamic library
Z:\godot\morrowind-style\tools\preview_character_head.py:25: DeprecationWarning: 'World.use_nodes' is expected to be removed in Blender 6.0
  scene.world.use_nodes=True;bg=scene.world.node_tree.nodes.get('Background');bg.inputs[0].default_value=(.15,.105,.06,1);bg.inputs[1].default_value=.65
00:03.610  render           | Saved: 'Z:\godot\morrowind-style\docs\character_head\before\front.png'
00:05.781  render           | Saved: 'Z:\godot\morrowind-style\docs\character_head\before\profile.png'
00:08.047  render           | Saved: 'Z:\godot\morrowind-style\docs\character_head\before\threequarter.png'
00:10.938  render           | Saved: 'Z:\godot\morrowind-style\docs\character_head\before\body.png'
OBJECT player_body DIMS (0.9134261608123779, 0.3768821358680725, 1.8443450927734375) bounds [(-0.45671308040618896, 0.45671308040618896), (-0.2676975131034851, 0.10918460786342621), (0.05111943185329437, 1.895464539527893)] vertices 14046 faces 4706
SLICE 1.4 [(-0.1794, 0.1794), (-0.1611, 0.1056), (1.4018, 1.4463)]
SLICE 1.45 [(-0.1771, 0.1771), (-0.1623, 0.1069), (1.4529, 1.4991)]
SLICE 1.5 [(-0.1722, 0.1722), (-0.1469, 0.1048), (1.5035, 1.5498)]
SLICE 1.55 [(-0.1648, 0.1648), (-0.1202, 0.0807), (1.5503, 1.5942)]
SLICE 1.6 [(-0.1705, 0.1705), (-0.095, 0.0533), (1.6002, 1.6414)]
SLICE 1.65 [(-0.0908, 0.0908), (-0.1536, 0.0281), (1.6513, 1.6999)]
SLICE 1.7 [(-0.0868, 0.0868), (-0.1775, 0.0243), (1.7039, 1.7489)]
SLICE 1.75 [(-0.0972, 0.0972), (-0.1722, 0.0476), (1.7515, 1.7993)]
SLICE 1.8 [(-0.079, 0.079), (-0.1652, 0.0488), (1.8013, 1.8497)]
SLICE 1.85 [(-0.0668, 0.0668), (-0.1383, 0.0354), (1.8532, 1.8955)]
HEIGHT 1.895464539527893
BlenderMCP addon unregistered
Blender 5.2.1 LTS (hash 9e2066aef7ef built 2026-08-25 02:38:20)

Blender quit
