00:00.469  blend            | Read blend: "Z:\godot\morrowind-style\docs\character_female\refinement\before\player_body_female_rigged.blend"
00:00.781  cycles           | WARNING HIPEW initialization failed: Error opening HIP dynamic library
Z:\godot\morrowind-style\tools\preview_female_refinement.py:15: DeprecationWarning: 'World.use_nodes' is expected to be removed in Blender 6.0
  scene.cycles.device='GPU';scene.view_settings.view_transform='Standard';scene.world.use_nodes=True
00:02.281  render           | Saved: 'Z:\godot\morrowind-style\docs\character_female\refinement\before\renders\front.png'
00:03.609  render           | Saved: 'Z:\godot\morrowind-style\docs\character_female\refinement\before\renders\quarter.png'
00:04.953  render           | Saved: 'Z:\godot\morrowind-style\docs\character_female\refinement\before\renders\side.png'
00:05.922  render           | Saved: 'Z:\godot\morrowind-style\docs\character_female\refinement\before\renders\walk\00.png'
00:06.891  render           | Saved: 'Z:\godot\morrowind-style\docs\character_female\refinement\before\renders\walk\01.png'
00:07.844  render           | Saved: 'Z:\godot\morrowind-style\docs\character_female\refinement\before\renders\walk\02.png'
00:08.813  render           | Saved: 'Z:\godot\morrowind-style\docs\character_female\refinement\before\renders\walk\03.png'
00:09.781  render           | Saved: 'Z:\godot\morrowind-style\docs\character_female\refinement\before\renders\walk\04.png'
00:10.750  render           | Saved: 'Z:\godot\morrowind-style\docs\character_female\refinement\before\renders\walk\05.png'
00:11.703  render           | Saved: 'Z:\godot\morrowind-style\docs\character_female\refinement\before\renders\walk\06.png'
00:12.672  render           | Saved: 'Z:\godot\morrowind-style\docs\character_female\refinement\before\renders\walk\07.png'
00:13.641  render           | Saved: 'Z:\godot\morrowind-style\docs\character_female\refinement\before\renders\walk\08.png'
00:14.625  render           | Saved: 'Z:\godot\morrowind-style\docs\character_female\refinement\before\renders\walk\09.png'
00:15.594  render           | Saved: 'Z:\godot\morrowind-style\docs\character_female\refinement\before\renders\walk\10.png'
00:16.547  render           | Saved: 'Z:\godot\morrowind-style\docs\character_female\refinement\before\renders\walk\11.png'
00:17.516  render           | Saved: 'Z:\godot\morrowind-style\docs\character_female\refinement\before\renders\walk\12.png'
00:18.484  render           | Saved: 'Z:\godot\morrowind-style\docs\character_female\refinement\before\renders\walk\13.png'
00:19.453  render           | Saved: 'Z:\godot\morrowind-style\docs\character_female\refinement\before\renders\walk\14.png'
00:20.406  render           | Saved: 'Z:\godot\morrowind-style\docs\character_female\refinement\before\renders\walk\15.png'
00:21.359  render           | Saved: 'Z:\godot\morrowind-style\docs\character_female\refinement\before\renders\run\00.png'
00:22.297  render           | Saved: 'Z:\godot\morrowind-style\docs\character_female\refinement\before\renders\run\01.png'
00:23.234  render           | Saved: 'Z:\godot\morrowind-style\docs\character_female\refinement\before\renders\run\02.png'
00:24.188  render           | Saved: 'Z:\godot\morrowind-style\docs\character_female\refinement\before\renders\run\03.png'
00:25.125  render           | Saved: 'Z:\godot\morrowind-style\docs\character_female\refinement\before\renders\run\04.png'
00:26.063  render           | Saved: 'Z:\godot\morrowind-style\docs\character_female\refinement\before\renders\run\05.png'
00:27.016  render           | Saved: 'Z:\godot\morrowind-style\docs\character_female\refinement\before\renders\run\06.png'
00:27.953  render           | Saved: 'Z:\godot\morrowind-style\docs\character_female\refinement\before\renders\run\07.png'
00:28.922  render           | Saved: 'Z:\godot\morrowind-style\docs\character_female\refinement\before\renders\run\08.png'
00:29.875  render           | Saved: 'Z:\godot\morrowind-style\docs\character_female\refinement\before\renders\run\09.png'
00:30.813  render           | Saved: 'Z:\godot\morrowind-style\docs\character_female\refinement\before\renders\run\10.png'
00:31.766  render           | Saved: 'Z:\godot\morrowind-style\docs\character_female\refinement\before\renders\run\11.png'
00:32.734  render           | Saved: 'Z:\godot\morrowind-style\docs\character_female\refinement\before\renders\run\12.png'
00:33.703  render           | Saved: 'Z:\godot\morrowind-style\docs\character_female\refinement\before\renders\run\13.png'
00:34.656  render           | Saved: 'Z:\godot\morrowind-style\docs\character_female\refinement\before\renders\run\14.png'
00:35.641  render           | Saved: 'Z:\godot\morrowind-style\docs\character_female\refinement\before\renders\run\15.png'
Blender 5.2.1 LTS (hash 9e2066aef7ef built 2026-08-25 02:38:20)

Blender quit
