INFO: PyNifly 28.3.0 registered
00:12.047  blend            | Read blend: "Z:\godot\morrowind-style\docs\character_female\rig\player_body_female_rigged.blend"
BlenderMCP addon registered
[INFO ] services.locationservice ...............: Not adding link to MakeHuman user data, since neither explicit path nor auto-discovery is set in preferences.
[INFO ] mpfb.init ..............................: Build info 20260722
[INFO ] mpfb.init ..............................: Online access preference is not enabled. Not checking if MakeHuman is online.
[INFO ] mpfb.init ..............................: MPFB initialization has finished.
WORLD <Matrix 4x4 (1.0000, 0.0000, 0.0000, 0.0000)
            (0.0000, 1.0000, 0.0000, 0.0000)
            (0.0000, 0.0000, 1.0000, 0.0240)
            (0.0000, 0.0000, 0.0000, 1.0000)> BOUNDS [-0.33803248 -0.17122026  0.        ] [0.33803248 0.09859605 1.7055917 ] CLIPS 73
SLICE 1.3 [-0.11845029 -0.13229641  1.3003277 ] [0.11845014 0.06491091 1.3240405 ]
SLICE 1.325 [-0.11663187 -0.1259701   1.3263392 ] [0.11663187 0.06777191 1.3467538 ]
SLICE 1.35 [-0.09282068 -0.11277945  1.3504853 ] [0.09282068 0.06982817 1.3746876 ]
SLICE 1.375 [-0.11845746 -0.09607549  1.3766911 ] [0.11874923 0.06203544 1.3981694 ]
SLICE 1.4 [-0.10734794 -0.07117119  1.4030702 ] [0.10897619 0.05631539 1.4224881 ]
SLICE 1.425 [-0.11452925 -0.07587326  1.4258854 ] [0.11880605 0.04437415 1.446744  ]
SLICE 1.45 [-0.07362037 -0.06113141  1.4519625 ] [0.06987295 0.02741541 1.4693655 ]
SLICE 1.475 [-0.04589389 -0.06614021  1.4789579 ] [0.04589355 0.01883277 1.4917587 ]
SLICE 1.5 [-0.03978155 -0.14360559  1.5021762 ] [0.03978151 0.00841385 1.5203077 ]
SLICE 1.525 [-0.05845716 -0.14930299  1.5258726 ] [0.05845716 0.00413136 1.5495414 ]
SLICE 1.55 [-0.07980594 -0.15981442  1.5502625 ] [0.07980594 0.01570919 1.5747037 ]
SLICE 1.575 [-0.0826785  -0.15143692  1.575303  ] [0.0826785  0.03169869 1.5997528 ]
SLICE 1.6 [-0.07480883 -0.14269578  1.6003644 ] [0.07480883 0.03727142 1.6234821 ]
SLICE 1.625 [-0.07049537 -0.13633539  1.6291883 ] [0.07049537 0.03987588 1.6490746 ]
SLICE 1.65 [-0.06725322 -0.10918569  1.6506048 ] [0.06725322 0.03305567 1.6749536 ]
SLICE 1.675 [-0.05892105 -0.11949306  1.6750231 ] [ 0.05892105 -0.01005157  1.699382  ]
SLICE 1.7 [-0.02125791 -0.05091618  1.7006406 ] [ 0.02125791 -0.00652571  1.7055917 ]
EAR [ 0.0826785  -0.02702074  1.5771071 ]
EAR [ 0.08227476 -0.02964572  1.5915848 ]
EAR [ 0.07764226 -0.03633279  1.5605924 ]
EAR [ 0.08015548 -0.0345261   1.5867491 ]
EAR [ 0.0768432  -0.04105184  1.5872642 ]
EAR [ 0.08089703 -0.03493387  1.5765574 ]
EAR [ 0.0755545  -0.03875793  1.560106  ]
EAR [ 0.07980594 -0.03007044  1.5671102 ]
EAR [ 0.07946929 -0.03710901  1.5665342 ]
EAR [-0.0826785  -0.02702074  1.5771071 ]
EAR [-0.08227476 -0.02964572  1.5915848 ]
EAR [-0.07764226 -0.03633279  1.5605924 ]
EAR [-0.08015548 -0.0345261   1.5867492 ]
EAR [-0.0768432  -0.04105184  1.5872642 ]
EAR [-0.08089703 -0.03493387  1.5765574 ]
EAR [-0.0755545  -0.03875793  1.560106  ]
EAR [-0.07980594 -0.03007044  1.5671102 ]
EAR [-0.07946929 -0.037109    1.5665342 ]
MAP EYE [-0.04392903 -0.1263401   1.593141  ] [ 0.04411476 -0.12002844  1.606172  ]
RAW HEAD [0.33794224 0.10089932 1.7091463 ]
BlenderMCP addon unregistered
Blender 5.2.1 LTS (hash 9e2066aef7ef built 2026-08-25 02:38:20)

Blender quit
