Godot Engine v4.7.1.stable.official.a13da4feb - https://godotengine.org

PASS All four chat tabs exist
PASS Six reference menu icons are interactive; two slots remain empty
PASS Game filter on All
PASS Players filter on All
PASS Combat filter on All
PASS Game filter on Game
PASS Players filter on Game
PASS Combat filter on Game
PASS Game filter on Players
PASS Players filter on Players
PASS Combat filter on Players
PASS Game filter on Combat
PASS Players filter on Combat
PASS Combat filter on Combat
PASS Player text cannot inject chat formatting
PASS Enter focuses chat and blocks game input
PASS Typing movement keys leaves the character stationary
PASS Typing F does not toggle the sword
PASS Submitting chat releases UI focus
PASS Enter submits the player message
PASS I releases the cursor for the HUD
PASS Inventory opens with current travelling gear
PASS Settings opens inside the shared dock panel
PASS Spellbook uses the same panel dimensions
PASS Spellbook highlights exactly one icon
PASS Journal uses the same panel dimensions
PASS Journal highlights exactly one icon
PASS Inventory uses the same panel dimensions
PASS Inventory highlights exactly one icon
PASS Equipment uses the same panel dimensions
PASS Equipment highlights exactly one icon
PASS Players uses the same panel dimensions
PASS Players highlights exactly one icon
PASS Settings uses the same panel dimensions
PASS Settings highlights exactly one icon
PASS Selecting the same icon closes its panel
PASS Pause menu blocks clicks to the HUD beneath it
PASS Escape closes chat without opening the pause menu
PASS Minimap zone label updates on region changes
PASS Status bars consume exported player vitals
PASS Panel joins the dock with matching width at (800, 600)
PASS Bottom corners do not overlap at (800, 600)
PASS Top corners do not overlap at (800, 600)
PASS Dock stays inside viewport at (800, 600)
PASS Panel joins the dock with matching width at (1280, 720)
PASS Bottom corners do not overlap at (1280, 720)
PASS Top corners do not overlap at (1280, 720)
PASS Dock stays inside viewport at (1280, 720)
PASS Panel joins the dock with matching width at (1600, 900)
PASS Bottom corners do not overlap at (1600, 900)
PASS Top corners do not overlap at (1600, 900)
PASS Dock stays inside viewport at (1600, 900)
PASS Panel joins the dock with matching width at (2560, 1080)
PASS Bottom corners do not overlap at (2560, 1080)
PASS Top corners do not overlap at (2560, 1080)
PASS Dock stays inside viewport at (2560, 1080)
PASS Chat history stays bounded at 200 messages
HUD CHECKS COMPLETE: 0 failure(s)
WARNING: 10 ObjectDB instances were leaked at exit (run with `--verbose` for details).
   at: cleanup (core/object/object.cpp:2536)
ERROR: 5 resources still in use at exit (run with --verbose for details).
   at: clear (core/io/resource.cpp:822)
