INFO: PyNifly 28.3.0 registered
00:02.015  blend            | Read blend: "Z:\godot\morrowind-style\docs\character_animation\player_body_rigged.blend"
Z:\godot\morrowind-style\tools\build_race_character.py:161: DeprecationWarning: 'Material.use_nodes' is expected to be removed in Blender 6.0
  mat=bpy.data.materials.new(name);mat.use_nodes=True
BlenderMCP addon registered
[INFO ] services.locationservice ...............: Not adding link to MakeHuman user data, since neither explicit path nor auto-discovery is set in preferences.
[INFO ] mpfb.init ..............................: Build info 20260722
[INFO ] mpfb.init ..............................: Online access preference is not enabled. Not checking if MakeHuman is online.
[INFO ] mpfb.init ..............................: MPFB initialization has finished.
INFO Draco is available, use library at Z:\godot\morrowind-style\Blender\5.2\scripts\addons_core\io_scene_gltf2\bf_intern_draco_bridge.dll
INFO MeshOptimizer is available, use library at Z:\godot\morrowind-style\Blender\5.2\scripts\addons_core\io_scene_gltf2\bf_intern_meshopt_bridge.dll
19:48:18 | INFO: Starting glTF 2.0 export
19:48:18 | INFO: Extracting primitive: base.002
19:48:18 | INFO: Primitives created: 1
19:48:37 | INFO: Finished glTF 2.0 export in 19.572131156921387 s

Info: Saved as "high_elf_male.blend"
{
  "preset": {
    "id": "high_elf",
    "sex": "male",
    "source": "docs/character_animation/player_body_rigged.blend",
    "body_width": 0.92,
    "head_width": 0.94,
    "chin_drop": 0.007,
    "cheek_projection": 0.01,
    "eye_slant": 0.0045,
    "ear_length": 0.037,
    "ear_rise": 0.033,
    "skin_grade": [
      0.96,
      1.03,
      0.79
    ],
    "notes": "Exact human bind skeleton and clips; height comes from Catalog.race_scale (1.06), applied once at runtime.",
    "chin_projection": 0.003,
    "chin_width": 0.78,
    "jaw_width": 0.001,
    "cheek_width": 0.007,
    "neck_slim": 0.23,
    "brow_projection": 0.015,
    "brow_angle": 0.009,
    "forehead_recede": 0.009
  },
  "source_sha256": "bb08246a3af5288341c770056b82769ce4cbb169ad1baac0c7b792c60b688956",
  "source_unmodified": true,
  "shared_bones": 53,
  "shared_clips": 73,
  "identical_bind_matrices": true,
  "identical_weights": true,
  "identical_body_topology": true,
  "identical_body_uvs": true,
  "body_triangles": 4832,
  "hair_triangles": 0,
  "bald": true,
  "max_sculpt_displacement_m": 0.0459015240330435,
  "model": "assets\\models\\player_high_elf_male.glb",
  "head_note": "Bald; tapered mandible, lean neck, angled supraorbital ridge and repainted angular brows."
}
BlenderMCP addon unregistered
Blender 5.2.1 LTS (hash 9e2066aef7ef built 2026-08-25 02:38:20)

Blender quit
