INFO: PyNifly 28.3.0 registered
00:06.250  blend            | Read blend: "Z:\godot\morrowind-style\docs\character_animation\player_body_rigged.blend"
BlenderMCP addon registered
[INFO ] services.locationservice ...............: Not adding link to MakeHuman user data, since neither explicit path nor auto-discovery is set in preferences.
[INFO ] mpfb.init ..............................: Build info 20260722
[INFO ] mpfb.init ..............................: Online access preference is not enabled. Not checking if MakeHuman is online.
[INFO ] mpfb.init ..............................: MPFB initialization has finished.
OBJECT Body MESH (0.0, 0.0, 0.0) (1.1385819911956787, 0.37869638204574585, 1.7815502882003784)
BOUNDS [-0.45671308 -0.23388548  0.        ] [0.45671308 0.10687535 1.84502   ]
SLICE 1.45 [-0.08865047 -0.14694983  1.4505246 ] [0.08865047 0.10440584 1.473642  ]
SLICE 1.475 [-0.14447632 -0.12105036  1.4758565 ] [0.1424485  0.09974112 1.4992762 ]
SLICE 1.5 [-0.14302523 -0.10837828  1.503895  ] [0.14913927 0.07367646 1.5246061 ]
SLICE 1.525 [-0.14955242 -0.10070713  1.5263047 ] [0.14763932 0.07684575 1.5483942 ]
SLICE 1.55 [-0.1326007  -0.08271344  1.550458  ] [0.12881276 0.04174327 1.5744083 ]
SLICE 1.575 [-0.09839309 -0.08257186  1.5751415 ] [0.09839471 0.02786244 1.5955002 ]
SLICE 1.6 [-0.06823549 -0.16099396  1.6001407 ] [0.06823359 0.02231883 1.6247395 ]
SLICE 1.625 [-0.05844799 -0.15209226  1.6255703 ] [0.058448   0.01907013 1.6496487 ]
SLICE 1.65 [-0.06359226 -0.16362436  1.6504165 ] [0.06359226 0.02105839 1.674791  ]
SLICE 1.675 [-0.08169476 -0.17957139  1.6772965 ] [0.08169476 0.02577058 1.6988325 ]
SLICE 1.7 [-0.08954421 -0.17429537  1.7013732 ] [0.08954421 0.01602728 1.7248715 ]
SLICE 1.725 [-0.08983603 -0.15908332  1.7250621 ] [0.08983603 0.04925692 1.7499202 ]
SLICE 1.75 [-0.07589605 -0.16014026  1.751883  ] [0.07589605 0.05100732 1.7747663 ]
SLICE 1.775 [-0.07240129 -0.15586875  1.7773182 ] [0.07240129 0.05064904 1.7977648 ]
SLICE 1.8 [-0.0674921  -0.14146829  1.8004034 ] [0.0674921  0.03977002 1.824001  ]
SLICE 1.825 [-0.04251493 -0.11123739  1.8313093 ] [ 0.04251493 -0.0103903   1.84502   ]
OBJECT PlayerRig ARMATURE (0.0, 0.0, -0.05706343427300453) (1.1270115375518799, 0.3209804594516754, 1.8301693201065063)
BONES 53 HEAD (0.0, -0.04276566207408905, 1.7566817998886108) CLIPS 73
MAPS [('color', (2048, 2048, 4)), ('eye', (2048, 2048, 4)), ('part', (2048, 2048, 4)), ('n_ref', (2048, 2048, 4)), ('ao', (2048, 2048, 4)), ('n_hi', (2048, 2048, 4)), ('ao_m', (2048, 2048, 4)), ('n_m', (2048, 2048, 4)), ('pos', (2048, 2048, 4)), ('brows_a', (2048, 2048))]
EYES [-0.04501613 -0.14657174  1.786703  ] [ 0.0448979  -0.13954568  1.7964593 ] POS [0.4563294 0.1068375 1.90206  ]
BlenderMCP addon unregistered
Blender 5.2.1 LTS (hash 9e2066aef7ef built 2026-08-25 02:38:20)

Blender quit
